#
# There is insufficient memory for the Java Runtime Environment to continue.
# Native memory allocation (malloc) failed to allocate 359232 bytes. Error detail: Chunk::new
# Possible reasons:
#   The system is out of physical RAM or swap space
#   This process is running with CompressedOops enabled, and the Java Heap may be blocking the growth of the native heap
# Possible solutions:
#   Reduce memory load on the system
#   Increase physical memory or swap space
#   Check if swap backing store is full
#   Decrease Java heap size (-Xmx/-Xms)
#   Decrease number of Java threads
#   Decrease Java thread stack sizes (-Xss)
#   Set larger code cache with -XX:ReservedCodeCacheSize=
#   JVM is running with Unscaled Compressed Oops mode in which the Java heap is
#     placed in the first 4GB address space. The Java Heap base address is the
#     maximum limit for the native heap growth. Please use -XX:HeapBaseMinAddress
#     to set the Java Heap base and to place the Java Heap above 4GB virtual address.
# This output file may be truncated or incomplete.
#
#  Out of Memory Error (arena.cpp:168), pid=7504, tid=7172
#
# JRE version: OpenJDK Runtime Environment (21.0.10) (build 21.0.10+-14961533-b1163.108)
# Java VM: OpenJDK 64-Bit Server VM (21.0.10+-14961533-b1163.108, mixed mode, tiered, compressed oops, compressed class ptrs, g1 gc, windows-amd64)
# No core dump will be written. Minidumps are not enabled by default on client versions of Windows
#

---------------  S U M M A R Y ------------

Command Line: -Dorg.gradle.appname=gradlew org.gradle.wrapper.GradleWrapperMain -q -Ptarget-platform=android-x64 -Ptarget=M:\kritsada2sub\coding\android\trexy_app\lib\main.dart -Pbase-application-name=android.app.Application -Pdart-defines=RkxVVFRFUl9WRVJTSU9OPTMuNDQuMA==,RkxVVFRFUl9DSEFOTkVMPXN0YWJsZQ==,RkxVVFRFUl9HSVRfVVJMPWh0dHBzOi8vZ2l0aHViLmNvbS9mbHV0dGVyL2ZsdXR0ZXIuZ2l0,RkxVVFRFUl9GUkFNRVdPUktfUkVWSVNJT049NTU5ZmZhM2Y3NQ==,RkxVVFRFUl9FTkdJTkVfUkVWSVNJT049NGM1MjVkYWM1ZQ==,RkxVVFRFUl9EQVJUX1ZFUlNJT049My4xMi4w -Pdart-obfuscation=false -Ptrack-widget-creation=true -Ptree-shake-icons=false -Pfilesystem-scheme=org-dartlang-root assembleDebug

Host: Intel(R) Core(TM) i3-10100T CPU @ 3.00GHz, 8 cores, 7G,  Windows 10 , 64 bit Build 19041 (10.0.19041.5915)
Time: Thu Aug 20 11:32:48 2026 SE Asia Standard Time elapsed time: 2.880933 seconds (0d 0h 0m 2s)

---------------  T H R E A D  ---------------

Current thread (0x0000018cc707ad30):  JavaThread "C2 CompilerThread0" daemon [_thread_in_native, id=7172, stack(0x0000007043400000,0x0000007043500000) (1024K)]


Current CompileTask:
C2:2881 1620   !   4       sun.nio.fs.WindowsDirectoryStream$WindowsDirectoryIterator::acceptEntry (71 bytes)

Stack: [0x0000007043400000,0x0000007043500000]
Native frames: (J=compiled Java code, j=interpreted, Vv=VM code, C=native code)
V  [jvm.dll+0x6d78a9]
V  [jvm.dll+0x8665b3]
V  [jvm.dll+0x868bde]
V  [jvm.dll+0x8692c3]
V  [jvm.dll+0x280ee6]
V  [jvm.dll+0xc07cd]
V  [jvm.dll+0xc0d03]
V  [jvm.dll+0x3ba0cb]
V  [jvm.dll+0x385df7]
V  [jvm.dll+0x38526a]
V  [jvm.dll+0x249bd2]
V  [jvm.dll+0x2491a1]
V  [jvm.dll+0x1c76e4]
V  [jvm.dll+0x25891e]
V  [jvm.dll+0x256e66]
V  [jvm.dll+0x3f513e]
V  [jvm.dll+0x80fd28]
V  [jvm.dll+0x6d60fd]
C  [ucrtbase.dll+0x21bb2]
C  [KERNEL32.DLL+0x17374]
C  [ntdll.dll+0x4cc91]


---------------  P R O C E S S  ---------------

Threads class SMR info:
_java_thread_list=0x0000018cc82a5ff0, length=13, elements={
0x0000018ca95d6930, 0x0000018cc703cb00, 0x0000018cc7040f70, 0x0000018cc705db90,
0x0000018cc70735d0, 0x0000018cc7074030, 0x0000018cc706e5f0, 0x0000018cc7074a90,
0x0000018cc707ad30, 0x0000018cc707b7d0, 0x0000018cc7214b50, 0x0000018cc79f05c0,
0x0000018cc8389e80
}

Java Threads: ( => current thread )
  0x0000018ca95d6930 JavaThread "main"                              [_thread_in_vm, id=9156, stack(0x0000007042500000,0x0000007042600000) (1024K)]
  0x0000018cc703cb00 JavaThread "Common-Cleaner"             daemon [_thread_blocked, id=8084, stack(0x0000007042d00000,0x0000007042e00000) (1024K)]
  0x0000018cc7040f70 JavaThread "Reference Handler"          daemon [_thread_blocked, id=14756, stack(0x0000007042e00000,0x0000007042f00000) (1024K)]
  0x0000018cc705db90 JavaThread "Finalizer"                  daemon [_thread_blocked, id=16412, stack(0x0000007042f00000,0x0000007043000000) (1024K)]
  0x0000018cc70735d0 JavaThread "Signal Dispatcher"          daemon [_thread_blocked, id=6372, stack(0x0000007043000000,0x0000007043100000) (1024K)]
  0x0000018cc7074030 JavaThread "Attach Listener"            daemon [_thread_blocked, id=3616, stack(0x0000007043100000,0x0000007043200000) (1024K)]
  0x0000018cc706e5f0 JavaThread "Service Thread"             daemon [_thread_blocked, id=12060, stack(0x0000007043200000,0x0000007043300000) (1024K)]
  0x0000018cc7074a90 JavaThread "Monitor Deflation Thread"   daemon [_thread_blocked, id=1360, stack(0x0000007043300000,0x0000007043400000) (1024K)]
=>0x0000018cc707ad30 JavaThread "C2 CompilerThread0"         daemon [_thread_in_native, id=7172, stack(0x0000007043400000,0x0000007043500000) (1024K)]
  0x0000018cc707b7d0 JavaThread "C1 CompilerThread0"         daemon [_thread_blocked, id=5312, stack(0x0000007043500000,0x0000007043600000) (1024K)]
  0x0000018cc7214b50 JavaThread "Notification Thread"        daemon [_thread_blocked, id=9352, stack(0x0000007043600000,0x0000007043700000) (1024K)]
  0x0000018cc79f05c0 JavaThread "pool-1-thread-1"                   [_thread_blocked, id=15300, stack(0x0000007043d00000,0x0000007043e00000) (1024K)]
  0x0000018cc8389e80 JavaThread "C2 CompilerThread1"         daemon [_thread_in_native, id=7176, stack(0x0000007043f00000,0x0000007044000000) (1024K)]
Total: 13

Other Threads:
  0x0000018cc2e58e60 VMThread "VM Thread"                           [id=11868, stack(0x0000007042c00000,0x0000007042d00000) (1024K)]
  0x0000018cc2df43d0 WatcherThread "VM Periodic Task Thread"        [id=6912, stack(0x0000007042b00000,0x0000007042c00000) (1024K)]
  0x0000018cab897320 WorkerThread "GC Thread#0"                     [id=7600, stack(0x0000007042600000,0x0000007042700000) (1024K)]
  0x0000018cc795a2d0 WorkerThread "GC Thread#1"                     [id=10988, stack(0x0000007043700000,0x0000007043800000) (1024K)]
  0x0000018cc795a680 WorkerThread "GC Thread#2"                     [id=5184, stack(0x0000007043800000,0x0000007043900000) (1024K)]
  0x0000018cc7771fa0 WorkerThread "GC Thread#3"                     [id=10796, stack(0x0000007043900000,0x0000007043a00000) (1024K)]
  0x0000018cc83f7870 WorkerThread "GC Thread#4"                     [id=12872, stack(0x0000007043a00000,0x0000007043b00000) (1024K)]
  0x0000018cc83f8c30 WorkerThread "GC Thread#5"                     [id=16708, stack(0x0000007043b00000,0x0000007043c00000) (1024K)]
  0x0000018cc83f8fe0 WorkerThread "GC Thread#6"                     [id=9500, stack(0x0000007043c00000,0x0000007043d00000) (1024K)]
  0x0000018cab8a7c60 ConcurrentGCThread "G1 Main Marker"            [id=12400, stack(0x0000007042700000,0x0000007042800000) (1024K)]
  0x0000018cab8a87f0 WorkerThread "G1 Conc#0"                       [id=11564, stack(0x0000007042800000,0x0000007042900000) (1024K)]
  0x0000018cc2cc8100 ConcurrentGCThread "G1 Refine#0"               [id=11684, stack(0x0000007042900000,0x0000007042a00000) (1024K)]
  0x0000018cc2ccc950 ConcurrentGCThread "G1 Service"                [id=5616, stack(0x0000007042a00000,0x0000007042b00000) (1024K)]
Total: 13

Threads with active compile tasks:
C2 CompilerThread0  3395 1620   !   4       sun.nio.fs.WindowsDirectoryStream$WindowsDirectoryIterator::acceptEntry (71 bytes)
C2 CompilerThread1  3396 1689       4       java.nio.Buffer::session (20 bytes)
Total: 2

VM state: not at safepoint (normal execution)

VM Mutex/Monitor currently owned by a thread: None

Heap address: 0x0000000082e00000, size: 2002 MB, Compressed Oops mode: 32-bit

CDS archive(s) not mapped
Compressed class space mapped at: 0x0000000100000000-0x0000000140000000, reserved size: 1073741824
Narrow klass base: 0x0000000000000000, Narrow klass shift: 3, Narrow klass range: 0x140000000

GC Precious Log:
 CardTable entry size: 512
 Card Set container configuration: InlinePtr #cards 5 size 8 Array Of Cards #cards 12 size 40 Howl #buckets 4 coarsen threshold 1843 Howl Bitmap #cards 512 size 80 coarsen threshold 460 Card regions per heap region 1 cards per card region 2048
 CPUs: 8 total, 8 available
 Memory: 8003M
 Large Page Support: Disabled
 NUMA Support: Disabled
 Compressed Oops: Enabled (32-bit)
 Heap Region Size: 1M
 Heap Min Capacity: 8M
 Heap Initial Capacity: 126M
 Heap Max Capacity: 2002M
 Pre-touch: Disabled
 Parallel Workers: 8
 Concurrent Workers: 2
 Concurrent Refinement Workers: 8
 Periodic GC: Disabled

Heap:
 garbage-first heap   total 129024K, used 23356K [0x0000000082e00000, 0x0000000100000000)
  region size 1024K, 19 young (19456K), 5 survivors (5120K)
 Metaspace       used 17570K, committed 17856K, reserved 1114112K
  class space    used 2094K, committed 2240K, reserved 1048576K

Heap Regions: E=young(eden), S=young(survivor), O=old, HS=humongous(starts), HC=humongous(continues), CS=collection set, F=free, TAMS=top-at-mark-start, PB=parsable bottom
|   0|0x0000000082e00000, 0x0000000082f00000, 0x0000000082f00000|100%|HS|  |TAMS 0x0000000082e00000| PB 0x0000000082e00000| Complete 
|   1|0x0000000082f00000, 0x0000000083000000, 0x0000000083000000|100%|HC|  |TAMS 0x0000000082f00000| PB 0x0000000082f00000| Complete 
|   2|0x0000000083000000, 0x0000000083100000, 0x0000000083100000|100%|HC|  |TAMS 0x0000000083000000| PB 0x0000000083000000| Complete 
|   3|0x0000000083100000, 0x0000000083200000, 0x0000000083200000|100%| O|  |TAMS 0x0000000083100000| PB 0x0000000083100000| Untracked 
|   4|0x0000000083200000, 0x00000000832cf030, 0x0000000083300000| 80%| O|  |TAMS 0x0000000083200000| PB 0x0000000083200000| Untracked 
|   5|0x0000000083300000, 0x0000000083300000, 0x0000000083400000|  0%| F|  |TAMS 0x0000000083300000| PB 0x0000000083300000| Untracked 
|   6|0x0000000083400000, 0x0000000083400000, 0x0000000083500000|  0%| F|  |TAMS 0x0000000083400000| PB 0x0000000083400000| Untracked 
|   7|0x0000000083500000, 0x0000000083500000, 0x0000000083600000|  0%| F|  |TAMS 0x0000000083500000| PB 0x0000000083500000| Untracked 
|   8|0x0000000083600000, 0x0000000083600000, 0x0000000083700000|  0%| F|  |TAMS 0x0000000083600000| PB 0x0000000083600000| Untracked 
|   9|0x0000000083700000, 0x0000000083700000, 0x0000000083800000|  0%| F|  |TAMS 0x0000000083700000| PB 0x0000000083700000| Untracked 
|  10|0x0000000083800000, 0x0000000083800000, 0x0000000083900000|  0%| F|  |TAMS 0x0000000083800000| PB 0x0000000083800000| Untracked 
|  11|0x0000000083900000, 0x0000000083900000, 0x0000000083a00000|  0%| F|  |TAMS 0x0000000083900000| PB 0x0000000083900000| Untracked 
|  12|0x0000000083a00000, 0x0000000083a00000, 0x0000000083b00000|  0%| F|  |TAMS 0x0000000083a00000| PB 0x0000000083a00000| Untracked 
|  13|0x0000000083b00000, 0x0000000083b00000, 0x0000000083c00000|  0%| F|  |TAMS 0x0000000083b00000| PB 0x0000000083b00000| Untracked 
|  14|0x0000000083c00000, 0x0000000083c00000, 0x0000000083d00000|  0%| F|  |TAMS 0x0000000083c00000| PB 0x0000000083c00000| Untracked 
|  15|0x0000000083d00000, 0x0000000083d00000, 0x0000000083e00000|  0%| F|  |TAMS 0x0000000083d00000| PB 0x0000000083d00000| Untracked 
|  16|0x0000000083e00000, 0x0000000083e00000, 0x0000000083f00000|  0%| F|  |TAMS 0x0000000083e00000| PB 0x0000000083e00000| Untracked 
|  17|0x0000000083f00000, 0x0000000083f00000, 0x0000000084000000|  0%| F|  |TAMS 0x0000000083f00000| PB 0x0000000083f00000| Untracked 
|  18|0x0000000084000000, 0x0000000084000000, 0x0000000084100000|  0%| F|  |TAMS 0x0000000084000000| PB 0x0000000084000000| Untracked 
|  19|0x0000000084100000, 0x0000000084100000, 0x0000000084200000|  0%| F|  |TAMS 0x0000000084100000| PB 0x0000000084100000| Untracked 
|  20|0x0000000084200000, 0x0000000084200000, 0x0000000084300000|  0%| F|  |TAMS 0x0000000084200000| PB 0x0000000084200000| Untracked 
|  21|0x0000000084300000, 0x0000000084300000, 0x0000000084400000|  0%| F|  |TAMS 0x0000000084300000| PB 0x0000000084300000| Untracked 
|  22|0x0000000084400000, 0x0000000084400000, 0x0000000084500000|  0%| F|  |TAMS 0x0000000084400000| PB 0x0000000084400000| Untracked 
|  23|0x0000000084500000, 0x0000000084500000, 0x0000000084600000|  0%| F|  |TAMS 0x0000000084500000| PB 0x0000000084500000| Untracked 
|  24|0x0000000084600000, 0x0000000084600000, 0x0000000084700000|  0%| F|  |TAMS 0x0000000084600000| PB 0x0000000084600000| Untracked 
|  25|0x0000000084700000, 0x0000000084700000, 0x0000000084800000|  0%| F|  |TAMS 0x0000000084700000| PB 0x0000000084700000| Untracked 
|  26|0x0000000084800000, 0x0000000084800000, 0x0000000084900000|  0%| F|  |TAMS 0x0000000084800000| PB 0x0000000084800000| Untracked 
|  27|0x0000000084900000, 0x0000000084900000, 0x0000000084a00000|  0%| F|  |TAMS 0x0000000084900000| PB 0x0000000084900000| Untracked 
|  28|0x0000000084a00000, 0x0000000084a00000, 0x0000000084b00000|  0%| F|  |TAMS 0x0000000084a00000| PB 0x0000000084a00000| Untracked 
|  29|0x0000000084b00000, 0x0000000084b00000, 0x0000000084c00000|  0%| F|  |TAMS 0x0000000084b00000| PB 0x0000000084b00000| Untracked 
|  30|0x0000000084c00000, 0x0000000084c00000, 0x0000000084d00000|  0%| F|  |TAMS 0x0000000084c00000| PB 0x0000000084c00000| Untracked 
|  31|0x0000000084d00000, 0x0000000084d00000, 0x0000000084e00000|  0%| F|  |TAMS 0x0000000084d00000| PB 0x0000000084d00000| Untracked 
|  32|0x0000000084e00000, 0x0000000084e00000, 0x0000000084f00000|  0%| F|  |TAMS 0x0000000084e00000| PB 0x0000000084e00000| Untracked 
|  33|0x0000000084f00000, 0x0000000084f00000, 0x0000000085000000|  0%| F|  |TAMS 0x0000000084f00000| PB 0x0000000084f00000| Untracked 
|  34|0x0000000085000000, 0x0000000085000000, 0x0000000085100000|  0%| F|  |TAMS 0x0000000085000000| PB 0x0000000085000000| Untracked 
|  35|0x0000000085100000, 0x0000000085100000, 0x0000000085200000|  0%| F|  |TAMS 0x0000000085100000| PB 0x0000000085100000| Untracked 
|  36|0x0000000085200000, 0x0000000085200000, 0x0000000085300000|  0%| F|  |TAMS 0x0000000085200000| PB 0x0000000085200000| Untracked 
|  37|0x0000000085300000, 0x0000000085300000, 0x0000000085400000|  0%| F|  |TAMS 0x0000000085300000| PB 0x0000000085300000| Untracked 
|  38|0x0000000085400000, 0x0000000085400000, 0x0000000085500000|  0%| F|  |TAMS 0x0000000085400000| PB 0x0000000085400000| Untracked 
|  39|0x0000000085500000, 0x0000000085500000, 0x0000000085600000|  0%| F|  |TAMS 0x0000000085500000| PB 0x0000000085500000| Untracked 
|  40|0x0000000085600000, 0x0000000085600000, 0x0000000085700000|  0%| F|  |TAMS 0x0000000085600000| PB 0x0000000085600000| Untracked 
|  41|0x0000000085700000, 0x0000000085700000, 0x0000000085800000|  0%| F|  |TAMS 0x0000000085700000| PB 0x0000000085700000| Untracked 
|  42|0x0000000085800000, 0x0000000085800000, 0x0000000085900000|  0%| F|  |TAMS 0x0000000085800000| PB 0x0000000085800000| Untracked 
|  43|0x0000000085900000, 0x0000000085900000, 0x0000000085a00000|  0%| F|  |TAMS 0x0000000085900000| PB 0x0000000085900000| Untracked 
|  44|0x0000000085a00000, 0x0000000085a00000, 0x0000000085b00000|  0%| F|  |TAMS 0x0000000085a00000| PB 0x0000000085a00000| Untracked 
|  45|0x0000000085b00000, 0x0000000085b00000, 0x0000000085c00000|  0%| F|  |TAMS 0x0000000085b00000| PB 0x0000000085b00000| Untracked 
|  46|0x0000000085c00000, 0x0000000085c00000, 0x0000000085d00000|  0%| F|  |TAMS 0x0000000085c00000| PB 0x0000000085c00000| Untracked 
|  47|0x0000000085d00000, 0x0000000085d00000, 0x0000000085e00000|  0%| F|  |TAMS 0x0000000085d00000| PB 0x0000000085d00000| Untracked 
|  48|0x0000000085e00000, 0x0000000085e00000, 0x0000000085f00000|  0%| F|  |TAMS 0x0000000085e00000| PB 0x0000000085e00000| Untracked 
|  49|0x0000000085f00000, 0x0000000085f00000, 0x0000000086000000|  0%| F|  |TAMS 0x0000000085f00000| PB 0x0000000085f00000| Untracked 
|  50|0x0000000086000000, 0x0000000086000000, 0x0000000086100000|  0%| F|  |TAMS 0x0000000086000000| PB 0x0000000086000000| Untracked 
|  51|0x0000000086100000, 0x0000000086100000, 0x0000000086200000|  0%| F|  |TAMS 0x0000000086100000| PB 0x0000000086100000| Untracked 
|  52|0x0000000086200000, 0x0000000086200000, 0x0000000086300000|  0%| F|  |TAMS 0x0000000086200000| PB 0x0000000086200000| Untracked 
|  53|0x0000000086300000, 0x0000000086300000, 0x0000000086400000|  0%| F|  |TAMS 0x0000000086300000| PB 0x0000000086300000| Untracked 
|  54|0x0000000086400000, 0x0000000086400000, 0x0000000086500000|  0%| F|  |TAMS 0x0000000086400000| PB 0x0000000086400000| Untracked 
|  55|0x0000000086500000, 0x0000000086500000, 0x0000000086600000|  0%| F|  |TAMS 0x0000000086500000| PB 0x0000000086500000| Untracked 
|  56|0x0000000086600000, 0x0000000086600000, 0x0000000086700000|  0%| F|  |TAMS 0x0000000086600000| PB 0x0000000086600000| Untracked 
|  57|0x0000000086700000, 0x0000000086700000, 0x0000000086800000|  0%| F|  |TAMS 0x0000000086700000| PB 0x0000000086700000| Untracked 
|  58|0x0000000086800000, 0x0000000086800000, 0x0000000086900000|  0%| F|  |TAMS 0x0000000086800000| PB 0x0000000086800000| Untracked 
|  59|0x0000000086900000, 0x0000000086900000, 0x0000000086a00000|  0%| F|  |TAMS 0x0000000086900000| PB 0x0000000086900000| Untracked 
|  60|0x0000000086a00000, 0x0000000086a00000, 0x0000000086b00000|  0%| F|  |TAMS 0x0000000086a00000| PB 0x0000000086a00000| Untracked 
|  61|0x0000000086b00000, 0x0000000086b00000, 0x0000000086c00000|  0%| F|  |TAMS 0x0000000086b00000| PB 0x0000000086b00000| Untracked 
|  62|0x0000000086c00000, 0x0000000086c00000, 0x0000000086d00000|  0%| F|  |TAMS 0x0000000086c00000| PB 0x0000000086c00000| Untracked 
|  63|0x0000000086d00000, 0x0000000086d00000, 0x0000000086e00000|  0%| F|  |TAMS 0x0000000086d00000| PB 0x0000000086d00000| Untracked 
|  64|0x0000000086e00000, 0x0000000086e00000, 0x0000000086f00000|  0%| F|  |TAMS 0x0000000086e00000| PB 0x0000000086e00000| Untracked 
|  65|0x0000000086f00000, 0x0000000086f00000, 0x0000000087000000|  0%| F|  |TAMS 0x0000000086f00000| PB 0x0000000086f00000| Untracked 
|  66|0x0000000087000000, 0x0000000087000000, 0x0000000087100000|  0%| F|  |TAMS 0x0000000087000000| PB 0x0000000087000000| Untracked 
|  67|0x0000000087100000, 0x0000000087100000, 0x0000000087200000|  0%| F|  |TAMS 0x0000000087100000| PB 0x0000000087100000| Untracked 
|  68|0x0000000087200000, 0x0000000087200000, 0x0000000087300000|  0%| F|  |TAMS 0x0000000087200000| PB 0x0000000087200000| Untracked 
|  69|0x0000000087300000, 0x0000000087300000, 0x0000000087400000|  0%| F|  |TAMS 0x0000000087300000| PB 0x0000000087300000| Untracked 
|  70|0x0000000087400000, 0x0000000087400000, 0x0000000087500000|  0%| F|  |TAMS 0x0000000087400000| PB 0x0000000087400000| Untracked 
|  71|0x0000000087500000, 0x0000000087500000, 0x0000000087600000|  0%| F|  |TAMS 0x0000000087500000| PB 0x0000000087500000| Untracked 
|  72|0x0000000087600000, 0x0000000087600000, 0x0000000087700000|  0%| F|  |TAMS 0x0000000087600000| PB 0x0000000087600000| Untracked 
|  73|0x0000000087700000, 0x0000000087700000, 0x0000000087800000|  0%| F|  |TAMS 0x0000000087700000| PB 0x0000000087700000| Untracked 
|  74|0x0000000087800000, 0x0000000087800000, 0x0000000087900000|  0%| F|  |TAMS 0x0000000087800000| PB 0x0000000087800000| Untracked 
|  75|0x0000000087900000, 0x0000000087900000, 0x0000000087a00000|  0%| F|  |TAMS 0x0000000087900000| PB 0x0000000087900000| Untracked 
|  76|0x0000000087a00000, 0x0000000087a00000, 0x0000000087b00000|  0%| F|  |TAMS 0x0000000087a00000| PB 0x0000000087a00000| Untracked 
|  77|0x0000000087b00000, 0x0000000087b00000, 0x0000000087c00000|  0%| F|  |TAMS 0x0000000087b00000| PB 0x0000000087b00000| Untracked 
|  78|0x0000000087c00000, 0x0000000087c00000, 0x0000000087d00000|  0%| F|  |TAMS 0x0000000087c00000| PB 0x0000000087c00000| Untracked 
|  79|0x0000000087d00000, 0x0000000087d00000, 0x0000000087e00000|  0%| F|  |TAMS 0x0000000087d00000| PB 0x0000000087d00000| Untracked 
|  80|0x0000000087e00000, 0x0000000087e00000, 0x0000000087f00000|  0%| F|  |TAMS 0x0000000087e00000| PB 0x0000000087e00000| Untracked 
|  81|0x0000000087f00000, 0x0000000087f00000, 0x0000000088000000|  0%| F|  |TAMS 0x0000000087f00000| PB 0x0000000087f00000| Untracked 
|  82|0x0000000088000000, 0x0000000088000000, 0x0000000088100000|  0%| F|  |TAMS 0x0000000088000000| PB 0x0000000088000000| Untracked 
|  83|0x0000000088100000, 0x0000000088100000, 0x0000000088200000|  0%| F|  |TAMS 0x0000000088100000| PB 0x0000000088100000| Untracked 
|  84|0x0000000088200000, 0x0000000088200000, 0x0000000088300000|  0%| F|  |TAMS 0x0000000088200000| PB 0x0000000088200000| Untracked 
|  85|0x0000000088300000, 0x0000000088400000, 0x0000000088400000|100%| S|CS|TAMS 0x0000000088300000| PB 0x0000000088300000| Complete 
|  86|0x0000000088400000, 0x0000000088500000, 0x0000000088500000|100%| S|CS|TAMS 0x0000000088400000| PB 0x0000000088400000| Complete 
|  87|0x0000000088500000, 0x0000000088600000, 0x0000000088600000|100%| S|CS|TAMS 0x0000000088500000| PB 0x0000000088500000| Complete 
|  88|0x0000000088600000, 0x0000000088700000, 0x0000000088700000|100%| S|CS|TAMS 0x0000000088600000| PB 0x0000000088600000| Complete 
|  89|0x0000000088700000, 0x0000000088800000, 0x0000000088800000|100%| S|CS|TAMS 0x0000000088700000| PB 0x0000000088700000| Complete 
|  90|0x0000000088800000, 0x0000000088800000, 0x0000000088900000|  0%| F|  |TAMS 0x0000000088800000| PB 0x0000000088800000| Untracked 
|  91|0x0000000088900000, 0x0000000088900000, 0x0000000088a00000|  0%| F|  |TAMS 0x0000000088900000| PB 0x0000000088900000| Untracked 
|  92|0x0000000088a00000, 0x0000000088a00000, 0x0000000088b00000|  0%| F|  |TAMS 0x0000000088a00000| PB 0x0000000088a00000| Untracked 
|  93|0x0000000088b00000, 0x0000000088b00000, 0x0000000088c00000|  0%| F|  |TAMS 0x0000000088b00000| PB 0x0000000088b00000| Untracked 
|  94|0x0000000088c00000, 0x0000000088c00000, 0x0000000088d00000|  0%| F|  |TAMS 0x0000000088c00000| PB 0x0000000088c00000| Untracked 
|  95|0x0000000088d00000, 0x0000000088d00000, 0x0000000088e00000|  0%| F|  |TAMS 0x0000000088d00000| PB 0x0000000088d00000| Untracked 
|  96|0x0000000088e00000, 0x0000000088e00000, 0x0000000088f00000|  0%| F|  |TAMS 0x0000000088e00000| PB 0x0000000088e00000| Untracked 
|  97|0x0000000088f00000, 0x0000000088f00000, 0x0000000089000000|  0%| F|  |TAMS 0x0000000088f00000| PB 0x0000000088f00000| Untracked 
|  98|0x0000000089000000, 0x0000000089000000, 0x0000000089100000|  0%| F|  |TAMS 0x0000000089000000| PB 0x0000000089000000| Untracked 
|  99|0x0000000089100000, 0x0000000089100000, 0x0000000089200000|  0%| F|  |TAMS 0x0000000089100000| PB 0x0000000089100000| Untracked 
| 100|0x0000000089200000, 0x0000000089200000, 0x0000000089300000|  0%| F|  |TAMS 0x0000000089200000| PB 0x0000000089200000| Untracked 
| 101|0x0000000089300000, 0x0000000089300000, 0x0000000089400000|  0%| F|  |TAMS 0x0000000089300000| PB 0x0000000089300000| Untracked 
| 102|0x0000000089400000, 0x0000000089400000, 0x0000000089500000|  0%| F|  |TAMS 0x0000000089400000| PB 0x0000000089400000| Untracked 
| 103|0x0000000089500000, 0x0000000089500000, 0x0000000089600000|  0%| F|  |TAMS 0x0000000089500000| PB 0x0000000089500000| Untracked 
| 104|0x0000000089600000, 0x0000000089600000, 0x0000000089700000|  0%| F|  |TAMS 0x0000000089600000| PB 0x0000000089600000| Untracked 
| 105|0x0000000089700000, 0x0000000089700000, 0x0000000089800000|  0%| F|  |TAMS 0x0000000089700000| PB 0x0000000089700000| Untracked 
| 106|0x0000000089800000, 0x0000000089800000, 0x0000000089900000|  0%| F|  |TAMS 0x0000000089800000| PB 0x0000000089800000| Untracked 
| 107|0x0000000089900000, 0x0000000089900000, 0x0000000089a00000|  0%| F|  |TAMS 0x0000000089900000| PB 0x0000000089900000| Untracked 
| 108|0x0000000089a00000, 0x0000000089a00000, 0x0000000089b00000|  0%| F|  |TAMS 0x0000000089a00000| PB 0x0000000089a00000| Untracked 
| 109|0x0000000089b00000, 0x0000000089b00000, 0x0000000089c00000|  0%| F|  |TAMS 0x0000000089b00000| PB 0x0000000089b00000| Untracked 
| 110|0x0000000089c00000, 0x0000000089c00000, 0x0000000089d00000|  0%| F|  |TAMS 0x0000000089c00000| PB 0x0000000089c00000| Untracked 
| 111|0x0000000089d00000, 0x0000000089d80000, 0x0000000089e00000| 50%| E|  |TAMS 0x0000000089d00000| PB 0x0000000089d00000| Complete 
| 112|0x0000000089e00000, 0x0000000089f00000, 0x0000000089f00000|100%| E|CS|TAMS 0x0000000089e00000| PB 0x0000000089e00000| Complete 
| 113|0x0000000089f00000, 0x000000008a000000, 0x000000008a000000|100%| E|CS|TAMS 0x0000000089f00000| PB 0x0000000089f00000| Complete 
| 114|0x000000008a000000, 0x000000008a100000, 0x000000008a100000|100%| E|CS|TAMS 0x000000008a000000| PB 0x000000008a000000| Complete 
| 115|0x000000008a100000, 0x000000008a200000, 0x000000008a200000|100%| E|CS|TAMS 0x000000008a100000| PB 0x000000008a100000| Complete 
| 116|0x000000008a200000, 0x000000008a300000, 0x000000008a300000|100%| E|CS|TAMS 0x000000008a200000| PB 0x000000008a200000| Complete 
| 117|0x000000008a300000, 0x000000008a400000, 0x000000008a400000|100%| E|CS|TAMS 0x000000008a300000| PB 0x000000008a300000| Complete 
| 118|0x000000008a400000, 0x000000008a500000, 0x000000008a500000|100%| E|CS|TAMS 0x000000008a400000| PB 0x000000008a400000| Complete 
| 119|0x000000008a500000, 0x000000008a600000, 0x000000008a600000|100%| E|CS|TAMS 0x000000008a500000| PB 0x000000008a500000| Complete 
| 120|0x000000008a600000, 0x000000008a700000, 0x000000008a700000|100%| E|CS|TAMS 0x000000008a600000| PB 0x000000008a600000| Complete 
| 121|0x000000008a700000, 0x000000008a800000, 0x000000008a800000|100%| E|CS|TAMS 0x000000008a700000| PB 0x000000008a700000| Complete 
| 122|0x000000008a800000, 0x000000008a900000, 0x000000008a900000|100%| E|CS|TAMS 0x000000008a800000| PB 0x000000008a800000| Complete 
| 123|0x000000008a900000, 0x000000008aa00000, 0x000000008aa00000|100%| E|CS|TAMS 0x000000008a900000| PB 0x000000008a900000| Complete 
| 124|0x000000008aa00000, 0x000000008ab00000, 0x000000008ab00000|100%| E|CS|TAMS 0x000000008aa00000| PB 0x000000008aa00000| Complete 
| 125|0x000000008ab00000, 0x000000008ac00000, 0x000000008ac00000|100%| E|CS|TAMS 0x000000008ab00000| PB 0x000000008ab00000| Complete 

Card table byte_map: [0x0000018cbe0d0000,0x0000018cbe4c0000] _byte_map_base: 0x0000018cbdcb9000

Marking Bits: (CMBitMap*) 0x0000018cab897940
 Bits: [0x0000018cbe4c0000, 0x0000018cc0408000)

Polling page: 0x0000018cab010000

Metaspace:

Usage:
  Non-class:     15.13 MB used.
      Class:      2.05 MB used.
       Both:     17.18 MB used.

Virtual space:
  Non-class space:       64.00 MB reserved,      15.25 MB ( 24%) committed,  1 nodes.
      Class space:        1.00 GB reserved,       2.19 MB ( <1%) committed,  1 nodes.
             Both:        1.06 GB reserved,      17.44 MB (  2%) committed. 

Chunk freelists:
   Non-Class:  240.00 KB
       Class:  13.66 MB
        Both:  13.90 MB

MaxMetaspaceSize: unlimited
CompressedClassSpaceSize: 1.00 GB
Initial GC threshold: 21.00 MB
Current GC threshold: 21.00 MB
CDS: off
 - commit_granule_bytes: 65536.
 - commit_granule_words: 8192.
 - virtual_space_node_default_size: 8388608.
 - enlarge_chunks_in_place: 1.
 - use_allocation_guard: 0.


Internal statistics:

num_allocs_failed_limit: 0.
num_arena_births: 212.
num_arena_deaths: 0.
num_vsnodes_births: 2.
num_vsnodes_deaths: 0.
num_space_committed: 279.
num_space_uncommitted: 0.
num_chunks_returned_to_freelist: 0.
num_chunks_taken_from_freelist: 492.
num_chunk_merges: 0.
num_chunk_splits: 317.
num_chunks_enlarged: 232.
num_inconsistent_stats: 0.

CodeHeap 'non-profiled nmethods': size=120000Kb used=791Kb max_used=791Kb free=119208Kb
 bounds [0x0000018cb6480000, 0x0000018cb66f0000, 0x0000018cbd9b0000]
CodeHeap 'profiled nmethods': size=120000Kb used=3134Kb max_used=3134Kb free=116865Kb
 bounds [0x0000018cae9b0000, 0x0000018caecc0000, 0x0000018cb5ee0000]
CodeHeap 'non-nmethods': size=5760Kb used=1293Kb max_used=1311Kb free=4466Kb
 bounds [0x0000018cb5ee0000, 0x0000018cb6150000, 0x0000018cb6480000]
CodeCache: size=245760Kb, used=5218Kb, max_used=5236Kb, free=240539Kb
 total_blobs=2178, nmethods=1698, adapters=385, full_count=0
Compilation: enabled, stopped_count=0, restarted_count=0

Compilation events (20 events):
Event: 2.739 Thread 0x0000018cc707ad30 nmethod 1616 0x0000018cb653c790 code [0x0000018cb653c900, 0x0000018cb653c968]
Event: 2.744 Thread 0x0000018cc707ad30 1618   !   4       sun.nio.fs.WindowsNativeDispatcher::FindNextFile (30 bytes)
Event: 2.745 Thread 0x0000018cc707ad30 nmethod 1618 0x0000018cb653ca90 code [0x0000018cb653cc40, 0x0000018cb653cd70]
Event: 2.745 Thread 0x0000018cc707ad30 1619   !   4       sun.nio.fs.WindowsDirectoryStream$WindowsDirectoryIterator::readNextEntry (192 bytes)
Event: 2.745 Thread 0x0000018cc707b7d0 1621       3       sun.security.provider.SHA::implCompress0 (478 bytes)
Event: 2.746 Thread 0x0000018cc707b7d0 nmethod 1621 0x0000018caec93190 code [0x0000018caec93400, 0x0000018caec94128]
Event: 2.746 Thread 0x0000018cc707b7d0 1623       3       jdk.internal.org.objectweb.asm.MethodWriter::visitLdcInsn (215 bytes)
Event: 2.747 Thread 0x0000018cc707b7d0 nmethod 1623 0x0000018caec94810 code [0x0000018caec94aa0, 0x0000018caec95528]
Event: 2.747 Thread 0x0000018cc707b7d0 1624       3       jdk.internal.org.objectweb.asm.SymbolTable::addConstant (330 bytes)
Event: 2.749 Thread 0x0000018cc707b7d0 nmethod 1624 0x0000018caec95990 code [0x0000018caec95f00, 0x0000018caec98d38]
Event: 2.749 Thread 0x0000018cc707b7d0 1625       2       java.lang.Integer::rotateRight (9 bytes)
Event: 2.749 Thread 0x0000018cc707b7d0 nmethod 1625 0x0000018caec99790 code [0x0000018caec99920, 0x0000018caec99a18]
Event: 2.749 Thread 0x0000018cc707b7d0 1626       3       sun.security.provider.DigestBase::engineUpdate (176 bytes)
Event: 2.750 Thread 0x0000018cc707b7d0 nmethod 1626 0x0000018caec99a90 code [0x0000018caec99d00, 0x0000018caec9a8e8]
Event: 2.750 Thread 0x0000018cc707b7d0 1628       3       java.lang.invoke.MethodType::changeReturnType (20 bytes)
Event: 2.750 Thread 0x0000018cc707b7d0 nmethod 1628 0x0000018caec9ac90 code [0x0000018caec9ae40, 0x0000018caec9b000]
Event: 2.750 Thread 0x0000018cc707b7d0 1629       3       java.lang.invoke.DirectMethodHandle::preparedLambdaForm (6 bytes)
Event: 2.750 Thread 0x0000018cc707b7d0 nmethod 1629 0x0000018caec9b090 code [0x0000018caec9b240, 0x0000018caec9b360]
Event: 2.780 Thread 0x0000018cc707ad30 nmethod 1619 0x0000018cb653d610 code [0x0000018cb653d8e0, 0x0000018cb653f2a8]
Event: 2.781 Thread 0x0000018cc707ad30 1620   !   4       sun.nio.fs.WindowsDirectoryStream$WindowsDirectoryIterator::acceptEntry (71 bytes)

GC Heap History (4 events):
Event: 0.898 GC heap before
{Heap before GC invocations=0 (full 0):
 garbage-first heap   total 129024K, used 23552K [0x0000000082e00000, 0x0000000100000000)
  region size 1024K, 23 young (23552K), 0 survivors (0K)
 Metaspace       used 8808K, committed 8960K, reserved 1114112K
  class space    used 812K, committed 896K, reserved 1048576K
}
Event: 0.912 GC heap after
{Heap after GC invocations=1 (full 0):
 garbage-first heap   total 129024K, used 1722K [0x0000000082e00000, 0x0000000100000000)
  region size 1024K, 2 young (2048K), 2 survivors (2048K)
 Metaspace       used 8808K, committed 8960K, reserved 1114112K
  class space    used 812K, committed 896K, reserved 1048576K
}
Event: 2.088 GC heap before
{Heap before GC invocations=1 (full 0):
 garbage-first heap   total 129024K, used 38586K [0x0000000082e00000, 0x0000000100000000)
  region size 1024K, 36 young (36864K), 2 survivors (2048K)
 Metaspace       used 13109K, committed 13312K, reserved 1114112K
  class space    used 1444K, committed 1536K, reserved 1048576K
}
Event: 2.094 GC heap after
{Heap after GC invocations=2 (full 0):
 garbage-first heap   total 129024K, used 10044K [0x0000000082e00000, 0x0000000100000000)
  region size 1024K, 5 young (5120K), 5 survivors (5120K)
 Metaspace       used 13109K, committed 13312K, reserved 1114112K
  class space    used 1444K, committed 1536K, reserved 1048576K
}

Dll operation events (3 events):
Event: 0.008 Loaded shared library M:\kritsada2sub\android_file\jbr\bin\java.dll
Event: 0.016 Loaded shared library M:\kritsada2sub\android_file\jbr\bin\zip.dll
Event: 0.238 Loaded shared library M:\kritsada2sub\android_file\jbr\bin\verify.dll

Deoptimization events (20 events):
Event: 2.743 Thread 0x0000018ca95d6930 Uncommon trap: trap_request=0xffffffde fr.pc=0x0000018cb64b59fc relative=0x000000000000141c
Event: 2.743 Thread 0x0000018ca95d6930 Uncommon trap: reason=class_check action=maybe_recompile pc=0x0000018cb64b59fc method=sun.nio.fs.WindowsDirectoryStream$WindowsDirectoryIterator.acceptEntry(Ljava/lang/String;Ljava/nio/file/attribute/BasicFileAttributes;)Ljava/nio/file/Path; @ 44 c2
Event: 2.743 Thread 0x0000018ca95d6930 DEOPT PACKING pc=0x0000018cb64b59fc sp=0x00000070425fcd20
Event: 2.743 Thread 0x0000018ca95d6930 DEOPT UNPACKING pc=0x0000018cb5f343a2 sp=0x00000070425fcc60 mode 2
Event: 2.743 Thread 0x0000018ca95d6930 Uncommon trap: trap_request=0xffffffde fr.pc=0x0000018cb64b59fc relative=0x000000000000141c
Event: 2.743 Thread 0x0000018ca95d6930 Uncommon trap: reason=class_check action=maybe_recompile pc=0x0000018cb64b59fc method=sun.nio.fs.WindowsDirectoryStream$WindowsDirectoryIterator.acceptEntry(Ljava/lang/String;Ljava/nio/file/attribute/BasicFileAttributes;)Ljava/nio/file/Path; @ 44 c2
Event: 2.743 Thread 0x0000018ca95d6930 DEOPT PACKING pc=0x0000018cb64b59fc sp=0x00000070425fcd20
Event: 2.743 Thread 0x0000018ca95d6930 DEOPT UNPACKING pc=0x0000018cb5f343a2 sp=0x00000070425fcc60 mode 2
Event: 2.743 Thread 0x0000018ca95d6930 Uncommon trap: trap_request=0xffffffde fr.pc=0x0000018cb64b59fc relative=0x000000000000141c
Event: 2.743 Thread 0x0000018ca95d6930 Uncommon trap: reason=class_check action=maybe_recompile pc=0x0000018cb64b59fc method=sun.nio.fs.WindowsDirectoryStream$WindowsDirectoryIterator.acceptEntry(Ljava/lang/String;Ljava/nio/file/attribute/BasicFileAttributes;)Ljava/nio/file/Path; @ 44 c2
Event: 2.743 Thread 0x0000018ca95d6930 DEOPT PACKING pc=0x0000018cb64b59fc sp=0x00000070425fcd20
Event: 2.743 Thread 0x0000018ca95d6930 DEOPT UNPACKING pc=0x0000018cb5f343a2 sp=0x00000070425fcc60 mode 2
Event: 2.743 Thread 0x0000018ca95d6930 Uncommon trap: trap_request=0xffffffde fr.pc=0x0000018cb64b59fc relative=0x000000000000141c
Event: 2.743 Thread 0x0000018ca95d6930 Uncommon trap: reason=class_check action=maybe_recompile pc=0x0000018cb64b59fc method=sun.nio.fs.WindowsDirectoryStream$WindowsDirectoryIterator.acceptEntry(Ljava/lang/String;Ljava/nio/file/attribute/BasicFileAttributes;)Ljava/nio/file/Path; @ 44 c2
Event: 2.743 Thread 0x0000018ca95d6930 DEOPT PACKING pc=0x0000018cb64b59fc sp=0x00000070425fcd20
Event: 2.743 Thread 0x0000018ca95d6930 DEOPT UNPACKING pc=0x0000018cb5f343a2 sp=0x00000070425fcc60 mode 2
Event: 2.748 Thread 0x0000018ca95d6930 Uncommon trap: trap_request=0xffffffc6 fr.pc=0x0000018cb64c7f34 relative=0x0000000000000094
Event: 2.748 Thread 0x0000018ca95d6930 Uncommon trap: reason=bimorphic_or_optimized_type_check action=maybe_recompile pc=0x0000018cb64c7f34 method=java.lang.ref.Reference.refersTo(Ljava/lang/Object;)Z @ 2 c2
Event: 2.748 Thread 0x0000018ca95d6930 DEOPT PACKING pc=0x0000018cb64c7f34 sp=0x00000070425fd8c0
Event: 2.748 Thread 0x0000018ca95d6930 DEOPT UNPACKING pc=0x0000018cb5f343a2 sp=0x00000070425fd858 mode 2

Classes loaded (20 events):
Event: 2.742 Loading class java/nio/file/Files$AcceptAllFilter done
Event: 2.747 Loading class sun/security/provider/AbstractDrbg$NonceProvider
Event: 2.747 Loading class sun/security/provider/AbstractDrbg$NonceProvider done
Event: 2.747 Loading class sun/security/provider/SHA2$SHA256
Event: 2.747 Loading class sun/security/provider/SHA2
Event: 2.748 Loading class sun/security/provider/SHA2 done
Event: 2.748 Loading class sun/security/provider/SHA2$SHA256 done
Event: 2.757 Loading class java/nio/channels/OverlappingFileLockException
Event: 2.757 Loading class java/nio/channels/OverlappingFileLockException done
Event: 2.757 Loading class java/io/EOFException
Event: 2.757 Loading class java/io/EOFException done
Event: 2.769 Loading class java/io/DataInputStream
Event: 2.769 Loading class java/io/DataInputStream done
Event: 2.769 Loading class jdk/internal/util/ByteArray
Event: 2.778 Loading class jdk/internal/util/ByteArray done
Event: 2.778 Loading class java/lang/invoke/VarHandleByteArrayAsShorts$ArrayHandle
Event: 2.799 Loading class java/lang/invoke/VarHandleByteArrayAsShorts$ByteArrayViewVarHandle
Event: 2.799 Loading class java/lang/invoke/VarHandleByteArrayAsShorts$ByteArrayViewVarHandle done
Event: 2.799 Loading class java/lang/invoke/VarHandleByteArrayAsShorts$ArrayHandle done
Event: 2.799 Loading class java/lang/invoke/VarHandleByteArrayAsChars$ArrayHandle

Classes unloaded (0 events):
No events

Classes redefined (0 events):
No events

Internal exceptions (20 events):
Event: 1.987 Thread 0x0000018ca95d6930 Exception <a 'java/lang/NoSuchMethodError'{0x0000000088aca108}: 'void java.lang.invoke.DirectMethodHandle$Holder.invokeInterface(java.lang.Object, java.lang.Object, java.lang.Object)'> (0x0000000088aca108) 
thrown [s\src\hotspot\share\interpreter\linkResolver.cpp, line 784]
Event: 1.992 Thread 0x0000018ca95d6930 Implicit null exception at 0x0000018cb650d0a0 to 0x0000018cb650d154
Event: 1.992 Thread 0x0000018ca95d6930 Implicit null exception at 0x0000018cb64c340a to 0x0000018cb64c3494
Event: 2.031 Thread 0x0000018ca95d6930 Exception <a 'sun/nio/fs/WindowsException'{0x00000000889cc5b0}> (0x00000000889cc5b0) 
thrown [s\src\hotspot\share\prims\jni.cpp, line 537]
Event: 2.227 Thread 0x0000018cc79f05c0 Implicit null exception at 0x0000018cb650d588 to 0x0000018cb650d63c
Event: 2.237 Thread 0x0000018ca95d6930 Exception <a 'java/lang/NoSuchMethodError'{0x000000008a9a5ce8}: 'java.lang.Object java.lang.invoke.DirectMethodHandle$Holder.newInvokeSpecial(java.lang.Object, java.lang.Object, java.lang.Object, java.lang.Object, java.lang.Object)'> (0x000000008a9a5ce8) 
thrown [s\src\hotspot\share\interpreter\linkResolver.cpp, line 784]
Event: 2.255 Thread 0x0000018ca95d6930 Exception <a 'java/lang/NoSuchMethodError'{0x000000008a9fbfd0}: 'java.lang.Object java.lang.invoke.Invokers$Holder.invokeExact_MT(java.lang.Object, java.lang.Object, java.lang.Object, java.lang.Object, java.lang.Object)'> (0x000000008a9fbfd0) 
thrown [s\src\hotspot\share\interpreter\linkResolver.cpp, line 784]
Event: 2.267 Thread 0x0000018ca95d6930 Exception <a 'java/lang/NoSuchMethodError'{0x000000008a82a2f8}: 'java.lang.Object java.lang.invoke.DirectMethodHandle$Holder.invokeVirtual(java.lang.Object, java.lang.Object, java.lang.Object, java.lang.Object, java.lang.Object, java.lang.Object, java.lang.Object)'> (0x000000008a82a2f8) 
thrown [s\src\hotspot\share\interpreter\linkResolver.cpp, line 784]
Event: 2.280 Thread 0x0000018ca95d6930 Exception <a 'java/lang/NoSuchMethodError'{0x000000008a86a4a0}: 'java.lang.Object java.lang.invoke.DirectMethodHandle$Holder.invokeVirtual(java.lang.Object, java.lang.Object, java.lang.Object, java.lang.Object)'> (0x000000008a86a4a0) 
thrown [s\src\hotspot\share\interpreter\linkResolver.cpp, line 784]
Event: 2.317 Thread 0x0000018ca95d6930 Exception <a 'sun/nio/fs/WindowsException'{0x000000008a738248}> (0x000000008a738248) 
thrown [s\src\hotspot\share\prims\jni.cpp, line 537]
Event: 2.318 Thread 0x0000018ca95d6930 Exception <a 'sun/nio/fs/WindowsException'{0x000000008a738e28}> (0x000000008a738e28) 
thrown [s\src\hotspot\share\prims\jni.cpp, line 537]
Event: 2.319 Thread 0x0000018ca95d6930 Exception <a 'sun/nio/fs/WindowsException'{0x000000008a73ed50}> (0x000000008a73ed50) 
thrown [s\src\hotspot\share\prims\jni.cpp, line 537]
Event: 2.320 Thread 0x0000018ca95d6930 Exception <a 'sun/nio/fs/WindowsException'{0x000000008a740a30}> (0x000000008a740a30) 
thrown [s\src\hotspot\share\prims\jni.cpp, line 537]
Event: 2.321 Thread 0x0000018ca95d6930 Exception <a 'sun/nio/fs/WindowsException'{0x000000008a743410}> (0x000000008a743410) 
thrown [s\src\hotspot\share\prims\jni.cpp, line 537]
Event: 2.497 Thread 0x0000018ca95d6930 Exception <a 'java/lang/NoSuchMethodError'{0x000000008a538ad8}: 'java.lang.Object java.lang.invoke.DirectMethodHandle$Holder.invokeVirtual(java.lang.Object, java.lang.Object, java.lang.Object, java.lang.Object, java.lang.Object)'> (0x000000008a538ad8) 
thrown [s\src\hotspot\share\interpreter\linkResolver.cpp, line 784]
Event: 2.499 Thread 0x0000018ca95d6930 Exception <a 'java/lang/NoSuchMethodError'{0x000000008a54b928}: 'java.lang.Object java.lang.invoke.Invokers$Holder.invokeExact_MT(java.lang.Object, java.lang.Object, java.lang.Object, java.lang.Object, java.lang.Object, java.lang.Object)'> (0x000000008a54b928) 
thrown [s\src\hotspot\share\interpreter\linkResolver.cpp, line 784]
Event: 2.593 Thread 0x0000018ca95d6930 Exception <a 'java/lang/NoSuchMethodError'{0x000000008a37eae8}: 'java.lang.Object java.lang.invoke.DirectMethodHandle$Holder.invokeVirtual(java.lang.Object, java.lang.Object, java.lang.Object, java.lang.Object, java.lang.Object, java.lang.Object, java.lang.Object, java.lang.Object, java.lang.Object)'> (0x000000008a37eae8) 
thrown [s\src\hotspot\share\interpreter\linkResolver.cpp, line 784]
Event: 2.684 Thread 0x0000018ca95d6930 Exception <a 'java/lang/NoSuchMethodError'{0x000000008a1cf508}: 'java.lang.Object java.lang.invoke.DirectMethodHandle$Holder.invokeVirtual(java.lang.Object, java.lang.Object, java.lang.Object, java.lang.Object, java.lang.Object, java.lang.Object, java.lang.Object, java.lang.Object)'> (0x000000008a1cf508) 
thrown [s\src\hotspot\share\interpreter\linkResolver.cpp, line 784]
Event: 2.746 Thread 0x0000018ca95d6930 Exception <a 'java/lang/NoSuchMethodError'{0x000000008a080a78}: 'java.lang.Object java.lang.invoke.DirectMethodHandle$Holder.invokeStaticInit(java.lang.Object, java.lang.Object, int, int, int, int)'> (0x000000008a080a78) 
thrown [s\src\hotspot\share\interpreter\linkResolver.cpp, line 784]
Event: 2.755 Thread 0x0000018ca95d6930 Exception <a 'sun/nio/fs/WindowsException'{0x000000008a0a98a8}> (0x000000008a0a98a8) 
thrown [s\src\hotspot\share\prims\jni.cpp, line 537]

ZGC Phase Switch (0 events):
No events

VM Operations (20 events):
Event: 1.478 Executing non-safepoint VM operation: HandshakeAllThreads (Deoptimize)
Event: 1.478 Executing non-safepoint VM operation: HandshakeAllThreads (Deoptimize) done
Event: 1.572 Executing non-safepoint VM operation: HandshakeAllThreads (Deoptimize)
Event: 1.572 Executing non-safepoint VM operation: HandshakeAllThreads (Deoptimize) done
Event: 1.887 Executing non-safepoint VM operation: HandshakeAllThreads (Deoptimize)
Event: 1.887 Executing non-safepoint VM operation: HandshakeAllThreads (Deoptimize) done
Event: 1.972 Executing non-safepoint VM operation: HandshakeAllThreads (Deoptimize)
Event: 1.972 Executing non-safepoint VM operation: HandshakeAllThreads (Deoptimize) done
Event: 1.972 Executing safepoint VM operation: Cleanup
Event: 1.973 Executing safepoint VM operation: Cleanup done
Event: 2.060 Executing non-safepoint VM operation: HandshakeAllThreads (Deoptimize)
Event: 2.060 Executing non-safepoint VM operation: HandshakeAllThreads (Deoptimize) done
Event: 2.088 Executing safepoint VM operation: G1CollectForAllocation (G1 Evacuation Pause)
Event: 2.094 Executing safepoint VM operation: G1CollectForAllocation (G1 Evacuation Pause) done
Event: 2.211 Executing non-safepoint VM operation: HandshakeAllThreads (Deoptimize)
Event: 2.211 Executing non-safepoint VM operation: HandshakeAllThreads (Deoptimize) done
Event: 2.264 Executing non-safepoint VM operation: HandshakeAllThreads (Deoptimize)
Event: 2.264 Executing non-safepoint VM operation: HandshakeAllThreads (Deoptimize) done
Event: 2.743 Executing non-safepoint VM operation: HandshakeAllThreads (Deoptimize)
Event: 2.743 Executing non-safepoint VM operation: HandshakeAllThreads (Deoptimize) done

Memory protections (0 events):
No events

Nmethod flushes (0 events):
No events

Events (20 events):
Event: 0.015 Thread 0x0000018ca95d6930 Thread added: 0x0000018ca95d6930
Event: 0.070 Thread 0x0000018ca95d6930 Thread added: 0x0000018cc703cb00
Event: 0.079 Thread 0x0000018ca95d6930 Thread added: 0x0000018cc7040f70
Event: 0.079 Thread 0x0000018ca95d6930 Thread added: 0x0000018cc705db90
Event: 0.080 Thread 0x0000018ca95d6930 Thread added: 0x0000018cc70735d0
Event: 0.080 Thread 0x0000018ca95d6930 Thread added: 0x0000018cc7074030
Event: 0.080 Thread 0x0000018ca95d6930 Thread added: 0x0000018cc706e5f0
Event: 0.080 Thread 0x0000018ca95d6930 Thread added: 0x0000018cc7074a90
Event: 0.080 Thread 0x0000018ca95d6930 Thread added: 0x0000018cc707ad30
Event: 0.080 Thread 0x0000018ca95d6930 Thread added: 0x0000018cc707b7d0
Event: 0.148 Thread 0x0000018ca95d6930 Thread added: 0x0000018cc7214b50
Event: 0.190 Loaded shared library M:\kritsada2sub\android_file\jbr\bin\net.dll
Event: 0.196 Loaded shared library M:\kritsada2sub\android_file\jbr\bin\nio.dll
Event: 0.220 Loaded shared library M:\kritsada2sub\android_file\jbr\bin\zip.dll
Event: 0.337 Loaded shared library M:\kritsada2sub\android_file\jbr\bin\jimage.dll
Event: 1.930 Loaded shared library M:\kritsada2sub\android_file\jbr\bin\management.dll
Event: 1.941 Loaded shared library M:\kritsada2sub\android_file\jbr\bin\management_ext.dll
Event: 2.040 Loaded shared library C:\Users\user\.gradle\native\1def1411415f61bf3af743bc5b6707747c0891f09f0c88961ee8f79bc544acac\windows-amd64\native-platform.dll
Event: 2.117 Thread 0x0000018ca95d6930 Thread added: 0x0000018cc79f05c0
Event: 2.481 Loaded shared library M:\kritsada2sub\android_file\jbr\bin\extnet.dll


Dynamic libraries:
0x00007ff605020000 - 0x00007ff60502a000 	M:\kritsada2sub\android_file\jbr\bin\java.exe
0x00007ff8f8c30000 - 0x00007ff8f8e28000 	C:\Windows\SYSTEM32\ntdll.dll
0x00007ff8f7db0000 - 0x00007ff8f7e72000 	C:\Windows\System32\KERNEL32.DLL
0x00007ff8f62c0000 - 0x00007ff8f65b6000 	C:\Windows\System32\KERNELBASE.dll
0x00007ff8f6ac0000 - 0x00007ff8f6bc0000 	C:\Windows\System32\ucrtbase.dll
0x00007ff8c6900000 - 0x00007ff8c6918000 	M:\kritsada2sub\android_file\jbr\bin\jli.dll
0x00007ff8f8990000 - 0x00007ff8f8b31000 	C:\Windows\System32\USER32.dll
0x00007ff8c5a20000 - 0x00007ff8c5a3b000 	M:\kritsada2sub\android_file\jbr\bin\VCRUNTIME140.dll
0x00007ff8f6a90000 - 0x00007ff8f6ab2000 	C:\Windows\System32\win32u.dll
0x00007ff8f85f0000 - 0x00007ff8f861b000 	C:\Windows\System32\GDI32.dll
0x00007ff8dbf10000 - 0x00007ff8dc1ab000 	C:\Windows\WinSxS\amd64_microsoft.windows.common-controls_6595b64144ccf1df_6.0.19041.6456_none_60b8a6cb71f64256\COMCTL32.dll
0x00007ff8f67e0000 - 0x00007ff8f68f9000 	C:\Windows\System32\gdi32full.dll
0x00007ff8f6f20000 - 0x00007ff8f6fbe000 	C:\Windows\System32\msvcrt.dll
0x00007ff8f6740000 - 0x00007ff8f67dd000 	C:\Windows\System32\msvcp_win.dll
0x00007ff8f85c0000 - 0x00007ff8f85ef000 	C:\Windows\System32\IMM32.DLL
0x00007ff8cb750000 - 0x00007ff8cb75c000 	M:\kritsada2sub\android_file\jbr\bin\vcruntime140_1.dll
0x00007ff831800000 - 0x00007ff83188d000 	M:\kritsada2sub\android_file\jbr\bin\msvcp140.dll
0x00007ff830b60000 - 0x00007ff8317f6000 	M:\kritsada2sub\android_file\jbr\bin\server\jvm.dll
0x00007ff8f6e00000 - 0x00007ff8f6eb1000 	C:\Windows\System32\ADVAPI32.dll
0x00007ff8f7860000 - 0x00007ff8f78ff000 	C:\Windows\System32\sechost.dll
0x00007ff8f7740000 - 0x00007ff8f7860000 	C:\Windows\System32\RPCRT4.dll
0x00007ff8f6900000 - 0x00007ff8f6927000 	C:\Windows\System32\bcrypt.dll
0x00007ff8f80e0000 - 0x00007ff8f814b000 	C:\Windows\System32\WS2_32.dll
0x00007ff8f5d40000 - 0x00007ff8f5d8b000 	C:\Windows\SYSTEM32\POWRPROF.dll
0x00007ff8eed10000 - 0x00007ff8eed37000 	C:\Windows\SYSTEM32\WINMM.dll
0x00007ff8ec5c0000 - 0x00007ff8ec5ca000 	C:\Windows\SYSTEM32\VERSION.dll
0x00007ff8f5cf0000 - 0x00007ff8f5d02000 	C:\Windows\SYSTEM32\UMPDC.dll
0x00007ff8f4a90000 - 0x00007ff8f4aa2000 	C:\Windows\SYSTEM32\kernel.appcore.dll
0x00007ff8cab70000 - 0x00007ff8cab7a000 	M:\kritsada2sub\android_file\jbr\bin\jimage.dll
0x00007ff8f0f60000 - 0x00007ff8f1161000 	C:\Windows\SYSTEM32\DBGHELP.DLL
0x00007ff8d1560000 - 0x00007ff8d1594000 	C:\Windows\SYSTEM32\dbgcore.DLL
0x00007ff8f6bc0000 - 0x00007ff8f6c42000 	C:\Windows\System32\bcryptPrimitives.dll
0x00007ff8c2a60000 - 0x00007ff8c2a80000 	M:\kritsada2sub\android_file\jbr\bin\java.dll
0x00007ff8bfaa0000 - 0x00007ff8bfab8000 	M:\kritsada2sub\android_file\jbr\bin\zip.dll
0x00007ff8f6fd0000 - 0x00007ff8f7740000 	C:\Windows\System32\SHELL32.dll
0x00007ff8f42d0000 - 0x00007ff8f4a75000 	C:\Windows\SYSTEM32\windows.storage.dll
0x00007ff8f7900000 - 0x00007ff8f7c54000 	C:\Windows\System32\combase.dll
0x00007ff8f5b30000 - 0x00007ff8f5b5b000 	C:\Windows\SYSTEM32\Wldp.dll
0x00007ff8f6c50000 - 0x00007ff8f6d1d000 	C:\Windows\System32\OLEAUT32.dll
0x00007ff8f8b40000 - 0x00007ff8f8bed000 	C:\Windows\System32\SHCORE.dll
0x00007ff8f6d20000 - 0x00007ff8f6d7b000 	C:\Windows\System32\shlwapi.dll
0x00007ff8f61f0000 - 0x00007ff8f6214000 	C:\Windows\SYSTEM32\profapi.dll
0x00007ff8cb7c0000 - 0x00007ff8cb7d0000 	M:\kritsada2sub\android_file\jbr\bin\net.dll
0x00007ff8ef3b0000 - 0x00007ff8ef4ba000 	C:\Windows\SYSTEM32\WINHTTP.dll
0x00007ff8f5910000 - 0x00007ff8f597a000 	C:\Windows\system32\mswsock.dll
0x00007ff8cb7a0000 - 0x00007ff8cb7b6000 	M:\kritsada2sub\android_file\jbr\bin\nio.dll
0x00007ff8cb790000 - 0x00007ff8cb7a0000 	M:\kritsada2sub\android_file\jbr\bin\verify.dll
0x00007ff8cb780000 - 0x00007ff8cb789000 	M:\kritsada2sub\android_file\jbr\bin\management.dll
0x00007ff8cb770000 - 0x00007ff8cb77b000 	M:\kritsada2sub\android_file\jbr\bin\management_ext.dll
0x00007ff8f6fc0000 - 0x00007ff8f6fc8000 	C:\Windows\System32\PSAPI.DLL
0x00007ff8bf8b0000 - 0x00007ff8bf8d7000 	C:\Users\user\.gradle\native\1def1411415f61bf3af743bc5b6707747c0891f09f0c88961ee8f79bc544acac\windows-amd64\native-platform.dll
0x00007ff8f5610000 - 0x00007ff8f564b000 	C:\Windows\SYSTEM32\IPHLPAPI.DLL
0x00007ff8f7d40000 - 0x00007ff8f7d48000 	C:\Windows\System32\NSI.dll
0x00007ff8cb760000 - 0x00007ff8cb769000 	M:\kritsada2sub\android_file\jbr\bin\extnet.dll
0x00007ff8f5b70000 - 0x00007ff8f5b88000 	C:\Windows\SYSTEM32\CRYPTSP.dll
0x00007ff8f5250000 - 0x00007ff8f5288000 	C:\Windows\system32\rsaenh.dll
0x00007ff8f61b0000 - 0x00007ff8f61de000 	C:\Windows\SYSTEM32\USERENV.dll
0x00007ff8f5aa0000 - 0x00007ff8f5aac000 	C:\Windows\SYSTEM32\CRYPTBASE.dll

JVMTI agents: none

dbghelp: loaded successfully - version: 4.0.5 - missing functions: none
symbol engine: initialized successfully - sym options: 0x614 - pdb path: .;M:\kritsada2sub\android_file\jbr\bin;C:\Windows\SYSTEM32;C:\Windows\WinSxS\amd64_microsoft.windows.common-controls_6595b64144ccf1df_6.0.19041.6456_none_60b8a6cb71f64256;M:\kritsada2sub\android_file\jbr\bin\server;C:\Users\user\.gradle\native\1def1411415f61bf3af743bc5b6707747c0891f09f0c88961ee8f79bc544acac\windows-amd64

VM Arguments:
jvm_args: -Dorg.gradle.appname=gradlew 
java_command: org.gradle.wrapper.GradleWrapperMain -q -Ptarget-platform=android-x64 -Ptarget=M:\kritsada2sub\coding\android\trexy_app\lib\main.dart -Pbase-application-name=android.app.Application -Pdart-defines=RkxVVFRFUl9WRVJTSU9OPTMuNDQuMA==,RkxVVFRFUl9DSEFOTkVMPXN0YWJsZQ==,RkxVVFRFUl9HSVRfVVJMPWh0dHBzOi8vZ2l0aHViLmNvbS9mbHV0dGVyL2ZsdXR0ZXIuZ2l0,RkxVVFRFUl9GUkFNRVdPUktfUkVWSVNJT049NTU5ZmZhM2Y3NQ==,RkxVVFRFUl9FTkdJTkVfUkVWSVNJT049NGM1MjVkYWM1ZQ==,RkxVVFRFUl9EQVJUX1ZFUlNJT049My4xMi4w -Pdart-obfuscation=false -Ptrack-widget-creation=true -Ptree-shake-icons=false -Pfilesystem-scheme=org-dartlang-root assembleDebug
java_class_path (initial): M:\kritsada2sub\coding\android\trexy_app\android\\gradle\wrapper\gradle-wrapper.jar
Launcher Type: SUN_STANDARD

[Global flags]
     intx CICompilerCount                          = 4                                         {product} {ergonomic}
     uint ConcGCThreads                            = 2                                         {product} {ergonomic}
     uint G1ConcRefinementThreads                  = 8                                         {product} {ergonomic}
   size_t G1HeapRegionSize                         = 1048576                                   {product} {ergonomic}
    uintx GCDrainStackTargetSize                   = 64                                        {product} {ergonomic}
   size_t InitialHeapSize                          = 132120576                                 {product} {ergonomic}
   size_t MarkStackSize                            = 4194304                                   {product} {ergonomic}
   size_t MaxHeapSize                              = 2099249152                                {product} {ergonomic}
   size_t MaxNewSize                               = 1259339776                                {product} {ergonomic}
   size_t MinHeapDeltaBytes                        = 1048576                                   {product} {ergonomic}
   size_t MinHeapSize                              = 8388608                                   {product} {ergonomic}
    uintx NonNMethodCodeHeapSize                   = 5839372                                {pd product} {ergonomic}
    uintx NonProfiledCodeHeapSize                  = 122909434                              {pd product} {ergonomic}
    uintx ProfiledCodeHeapSize                     = 122909434                              {pd product} {ergonomic}
    uintx ReservedCodeCacheSize                    = 251658240                              {pd product} {ergonomic}
     bool SegmentedCodeCache                       = true                                      {product} {ergonomic}
   size_t SoftMaxHeapSize                          = 2099249152                             {manageable} {ergonomic}
     bool UseCompressedOops                        = true                           {product lp64_product} {ergonomic}
     bool UseG1GC                                  = true                                      {product} {ergonomic}
     bool UseLargePagesIndividualAllocation        = false                                  {pd product} {ergonomic}

Logging:
Log output configuration:
 #0: stdout all=warning uptime,level,tags foldmultilines=false
 #1: stderr all=off uptime,level,tags foldmultilines=false

Release file:
JAVA_VERSION="21.0.10" 
MODULES="java.base java.compiler java.datatransfer java.xml java.prefs java.desktop java.instrument java.logging java.management java.security.sasl java.naming java.rmi java.management.rmi java.net.http java.scripting java.security.jgss java.transaction.xa java.sql java.sql.rowset java.xml.crypto java.se java.smartcardio jdk.accessibility jdk.internal.jvmstat jdk.attach jdk.charsets jdk.internal.opt jdk.zipfs jdk.compiler jdk.crypto.ec jdk.crypto.cryptoki jdk.dynalink jdk.hotspot.agent jdk.httpserver jdk.internal.ed jdk.internal.le jdk.internal.vm.ci jdk.jartool jdk.javadoc jdk.jcmd jdk.jdeps jdk.jdwp.agent jdk.jdi jdk.jfr jdk.jlink jdk.jsobject jdk.localedata jdk.management jdk.management.agent jdk.management.jfr jdk.naming.dns jdk.naming.rmi jdk.net jdk.sctp jdk.security.auth jdk.security.jgss jdk.unsupported jdk.unsupported.desktop jdk.xml.dom" 
IMPLEMENTOR="JetBrains s.r.o." 
JAVA_RUNTIME_VERSION="21.0.10+-14961533-b1163.108" 
LIBC="default" 
OS_ARCH="x86_64" 
OS_NAME="Windows" 
SOURCE=".:git:1351622c2ff2" 

Environment Variables:
JAVA_HOME=M:\kritsada2sub\android_file\jbr
CLASSPATH=M:\kritsada2sub\coding\android\trexy_app\android\\gradle\wrapper\gradle-wrapper.jar
PATH=M:\kritsada2sub\android_file\jbr\bin;C:\Program Files\Common Files\Oracle\Java\javapath;C:\Windows\system32;C:\Windows;C:\Windows\System32\Wbem;C:\Windows\System32\WindowsPowerShell\v1.0\;C:\Windows\System32\OpenSSH\;C:\Program Files\Git\cmd;M:\Program Files\nodejs\;C:\Users\user\AppData\Local\Programs\Python\Python314\Scripts\;C:\Users\user\AppData\Local\Programs\Python\Python314\;C:\Users\user\AppData\Local\Microsoft\WindowsApps;C:\Users\user\AppData\Local\Programs\Microsoft VS Code\bin;C:\Users\user\AppData\Local\Python\bin;M:\kritsada2sub\programs\flutter_windows_3.44.0-stable\flutter\bin;M:\kritsada2sub\android_file\pub_cache\bin;C:\Program Files\nodejs;C:\Users\user\AppData\Roaming\npm;M:\file_programs\Antigravity IDE\bin;M:\file_programs\cursor\resources\app\bin;M:\kritsada2sub\programs\flutter_windows_3.44.0-stable\flutter\bin\mingit\cmd;M:\kritsada2sub\programs\flutter_windows_3.44.0-stable\flutter\bin\mingit\cmd
USERNAME=user
OS=Windows_NT
PROCESSOR_IDENTIFIER=Intel64 Family 6 Model 165 Stepping 3, GenuineIntel
TMP=C:\Users\user\AppData\Local\Temp
TEMP=C:\Users\user\AppData\Local\Temp




Periodic native trim disabled

JNI global refs:
JNI global refs: 19, weak refs: 0

JNI global refs memory usage: 835, weak refs: 201

Process memory usage:
Resident Set Size: 114136K (1% of 8195296K total physical memory with 446468K free physical memory)

OOME stack traces (most recent first):
Classloader memory used:
Loader bootstrap                                                                       : 12826K
Loader org.gradle.internal.classloader.VisitableURLClassLoader                         : 4315K
Loader java.net.URLClassLoader                                                         : 227K
Loader jdk.internal.loader.ClassLoaders$AppClassLoader                                 : 147K
Loader jdk.internal.loader.ClassLoaders$PlatformClassLoader                            : 110K

Classes loaded by more than one classloader:
Class org.gradle.cli.AbstractPropertiesCommandLineConverter                           : loaded 2 times (x 83B)
Class org.gradle.cli.CommandLineParser                                                : loaded 2 times (x 79B)
Class org.gradle.internal.service.UnknownServiceException                             : loaded 2 times (x 83B)
Class org.gradle.cli.SystemPropertiesCommandLineConverter                             : loaded 2 times (x 83B)
Class org.gradle.cli.CommandLineArgumentException                                     : loaded 2 times (x 82B)
Class org.gradle.cli.CommandLineParser$KnownOptionParserState                         : loaded 2 times (x 76B)
Class org.gradle.internal.InternalTransformer                                         : loaded 2 times (x 70B)
Class org.gradle.internal.classpath.DefaultClassPath$ImmutableUniqueList              : loaded 2 times (x 199B)
Class org.gradle.cli.CommandLineParser$OptionAwareParserState                         : loaded 2 times (x 77B)
Class org.gradle.cli.ParsedCommandLine                                                : loaded 2 times (x 80B)
Class org.gradle.internal.classpath.ClassPath                                         : loaded 2 times (x 70B)
Class org.gradle.cli.CommandLineParser$UnknownOptionParserState                       : loaded 2 times (x 76B)
Class org.gradle.cli.ParsedCommandLineOption                                          : loaded 2 times (x 76B)
Class org.gradle.cli.CommandLineParser$AfterFirstSubCommand                           : loaded 2 times (x 77B)
Class org.gradle.api.internal.classpath.ModuleRegistry                                : loaded 2 times (x 70B)
Class org.gradle.internal.installation.GradleInstallation$1                           : loaded 2 times (x 75B)
Class org.gradle.cli.CommandLineOption                                                : loaded 2 times (x 86B)
Class org.gradle.cli.CommandLineParser$BeforeFirstSubCommand                          : loaded 2 times (x 77B)
Class org.gradle.internal.service.ServiceLookupException                              : loaded 2 times (x 82B)
Class org.gradle.cli.CommandLineParser$OptionParserState                              : loaded 2 times (x 75B)
Class org.gradle.internal.classloader.ClasspathUtil                                   : loaded 2 times (x 71B)
Class org.gradle.api.specs.Spec                                                       : loaded 2 times (x 70B)
Class org.gradle.internal.classpath.DefaultClassPath                                  : loaded 2 times (x 90B)
Class org.gradle.internal.Cast                                                        : loaded 2 times (x 71B)
Class org.gradle.api.Action                                                           : loaded 2 times (x 70B)
Class org.gradle.cli.AbstractCommandLineConverter                                     : loaded 2 times (x 79B)
Class org.gradle.api.GradleException                                                  : loaded 2 times (x 82B)
Class org.gradle.internal.IoActions                                                   : loaded 2 times (x 71B)
Class org.gradle.cli.CommandLineConverter                                             : loaded 2 times (x 70B)
Class org.gradle.cli.CommandLineParser$MissingOptionArgState                          : loaded 2 times (x 77B)
Class org.gradle.cli.CommandLineParser$ParserState                                    : loaded 2 times (x 76B)
Class org.gradle.cli.CommandLineParser$OptionString                                   : loaded 2 times (x 73B)
Class org.gradle.internal.installation.CurrentGradleInstallationLocator               : loaded 2 times (x 71B)
Class org.gradle.internal.installation.CurrentGradleInstallation                      : loaded 2 times (x 73B)
Class org.gradle.util.internal.GUtil                                                  : loaded 2 times (x 71B)
Class org.gradle.cli.CommandLineParser$AfterOptions                                   : loaded 2 times (x 77B)
Class org.gradle.internal.installation.GradleInstallation                             : loaded 2 times (x 75B)

---------------  S Y S T E M  ---------------

OS:
 Windows 10 , 64 bit Build 19041 (10.0.19041.5915)
OS uptime: 6 days 22:40 hours
Hyper-V role detected

CPU: total 8 (initial active 8) (4 cores per cpu, 2 threads per core) family 6 model 165 stepping 3 microcode 0xe0, cx8, cmov, fxsr, ht, mmx, 3dnowpref, sse, sse2, sse3, ssse3, sse4.1, sse4.2, popcnt, lzcnt, tsc, tscinvbit, avx, avx2, aes, erms, clmul, bmi1, bmi2, adx, fma, vzeroupper, clflush, clflushopt, hv, rdtscp, f16c
Processor Information for the first 8 processors :
  Max Mhz: 3000, Current Mhz: 3000, Mhz Limit: 3000

Memory: 4k page, system-wide physical 8003M (443M free)
TotalPageFile size 17613M (AvailPageFile size 154M)
current process WorkingSet (physical memory assigned to process): 111M, peak: 111M
current process commit charge ("private bytes"): 230M, peak: 231M

vm_info: OpenJDK 64-Bit Server VM (21.0.10+-14961533-b1163.108) for windows-amd64 JRE (21.0.10+-14961533-b1163.108), built on 2026-03-02T19:58:50Z by "builder" with MS VC++ 16.10 / 16.11 (VS2019)

END.
